
> react-typescript-starter@0.1.0 test
> react-scripts test "--coverage"

PASS src/arrays.test.ts
  ● Console

    console.log
      newArray:  [ 1, 2, 3, 6 ]

      at injectPositive (src/arrays.ts:158:13)

    console.log
      newArray:  [ 100, 300, 200, 600 ]

      at injectPositive (src/arrays.ts:158:13)

    console.log
      newArray:  [ 5, 5 ]

      at injectPositive (src/arrays.ts:158:13)

    console.log
      newArray:  [ 0 ]

      at injectPositive (src/arrays.ts:158:13)

    console.log
      sum (found a neg number):  295

      at map (src/arrays.ts:137:21)
          at Array.map (<anonymous>)

    console.log
      newArray:  [
        100, 199, 1, -5,
        300,   7, 3
      ]

      at injectPositive (src/arrays.ts:158:13)

    console.log
      newArray:  [ -100, 0, -200, 100, 200 ]

      at injectPositive (src/arrays.ts:158:13)

    console.log
      newArray:  [ 199, 1, 550, 50, 200, 1000 ]

      at injectPositive (src/arrays.ts:158:13)

PASS src/HtmlCss.test.tsx
  ● Console

    console.error
      Warning: validateDOMNesting(...): <ul> cannot appear as a descendant of <p>.
          at ul
          at p
          at div
          at App

      at printWarning (node_modules/react-dom/cjs/react-dom.development.js:67:30)
      at error (node_modules/react-dom/cjs/react-dom.development.js:43:5)
      at validateDOMNesting (node_modules/react-dom/cjs/react-dom.development.js:10083:7)
      at createInstance (node_modules/react-dom/cjs/react-dom.development.js:10181:5)
      at completeWork (node_modules/react-dom/cjs/react-dom.development.js:19464:28)
      at completeUnitOfWork (node_modules/react-dom/cjs/react-dom.development.js:22812:16)
      at performUnitOfWork (node_modules/react-dom/cjs/react-dom.development.js:22787:5)
      at workLoopSync (node_modules/react-dom/cjs/react-dom.development.js:22707:5)

PASS src/functions.test.ts
PASS src/text.test.tsx
  ● Console

    console.error
      Warning: validateDOMNesting(...): <ul> cannot appear as a descendant of <p>.
          at ul
          at p
          at div
          at App

      at printWarning (node_modules/react-dom/cjs/react-dom.development.js:67:30)
      at error (node_modules/react-dom/cjs/react-dom.development.js:43:5)
      at validateDOMNesting (node_modules/react-dom/cjs/react-dom.development.js:10083:7)
      at createInstance (node_modules/react-dom/cjs/react-dom.development.js:10181:5)
      at completeWork (node_modules/react-dom/cjs/react-dom.development.js:19464:28)
      at completeUnitOfWork (node_modules/react-dom/cjs/react-dom.development.js:22812:16)
      at performUnitOfWork (node_modules/react-dom/cjs/react-dom.development.js:22787:5)
      at workLoopSync (node_modules/react-dom/cjs/react-dom.development.js:22707:5)

PASS src/App.test.tsx
  ● Console

    console.error
      Warning: validateDOMNesting(...): <ul> cannot appear as a descendant of <p>.
          at ul
          at p
          at div
          at App

      at printWarning (node_modules/react-dom/cjs/react-dom.development.js:67:30)
      at error (node_modules/react-dom/cjs/react-dom.development.js:43:5)
      at validateDOMNesting (node_modules/react-dom/cjs/react-dom.development.js:10083:7)
      at createInstance (node_modules/react-dom/cjs/react-dom.development.js:10181:5)
      at completeWork (node_modules/react-dom/cjs/react-dom.development.js:19464:28)
      at completeUnitOfWork (node_modules/react-dom/cjs/react-dom.development.js:22812:16)
      at performUnitOfWork (node_modules/react-dom/cjs/react-dom.development.js:22787:5)
      at workLoopSync (node_modules/react-dom/cjs/react-dom.development.js:22707:5)

--------------|---------|----------|---------|---------|-------------------
File          | % Stmts | % Branch | % Funcs | % Lines | Uncovered Line #s 
--------------|---------|----------|---------|---------|-------------------
All files     |   96.66 |     93.1 |     100 |   96.47 |                   
 App.tsx      |     100 |      100 |     100 |     100 |                   
 arrays.ts    |     100 |      100 |     100 |     100 |                   
 functions.ts |   88.46 |    85.18 |     100 |   88.46 | 22,24,26          
--------------|---------|----------|---------|---------|-------------------

Test Suites: 5 passed, 5 total
Tests:       23 passed, 23 total
Snapshots:   0 total
Time:        3.802 s
Ran all test suites.
